Microchip MPLAB XC8 Compiler V1.41 ()

Linker command line:

-W-3 --edf=C:\Program Files (x86)\Microchip\xc8\v1.41\dat\en_msgs.txt -cs \
  -h+dist/default/production\CHRPMini-Hand.X.production.sym \
  --cmf=dist/default/production\CHRPMini-Hand.X.production.cmf -z \
  -Q18F25K50 -oC:\Users\Abhi\AppData\Local\Temp\s7fg.2 \
  -Mdist/default/production/CHRPMini-Hand.X.production.map -E1 -ver=XC8 \
  -ASTACK=060h-07ffh -pstack=STACK \
  -ACODE=02000h-02005h,02008h-02015h,02018h-07FFFh \
  -ACONST=02000h-02005h,02008h-02015h,02018h-07FFFh \
  -ASMALLCONST=02000h-02005h,02008h-02015h,02018h-020FFh,02100h-021FFhx95 \
  -AMEDIUMCONST=02000h-02005h,02008h-02015h,02018h-07FFFh -ACOMRAM=01h-05Fh \
  -AABS1=00h-07FFh -ABIGRAM=01h-07FFh -ARAM=060h-0FFh,0100h-01FFhx7 \
  -ABANK0=060h-0FFh -ABANK1=0100h-01FFh -ABANK2=0200h-02FFh \
  -ABANK3=0300h-03FFh -ABANK4=0400h-04FFh -ABANK5=0500h-05FFh \
  -ABANK6=0600h-06FFh -ABANK7=0700h-07FFh -ASFR=0F53h-0F5Fh,0F60h-0FFFh \
  -preset_vec=02000h,intcode,intcodelo,powerup,init -pramtop=0800h \
  -psmallconst=SMALLCONST -pmediumconst=MEDIUMCONST -pconst=CONST \
  -AFARRAM=00h-00h -ACONFIG=0300000h-030000Dh -pconfig=CONFIG \
  -AIDLOC=0200000h-0200007h -pidloc=IDLOC -AEEDATA=0F00000h-0F000FFh \
  -peeprom_data=EEDATA \
  -prdata=COMRAM,nvrram=COMRAM,nvbit=COMRAM,rbss=COMRAM,rbit=COMRAM \
  -pfarbss=FARRAM,fardata=FARRAM,nvFARRAM=FARRAM \
  -pintsave_regs=BIGRAM,bigbss=BIGRAM,bigdata=BIGRAM -pbss=RAM \
  -pidata=CODE,irdata=CODE,ibigdata=CODE,ifardata=CODE -prparam=COMRAM \
  C:\Users\Abhi\AppData\Local\Temp\s7fg.obj \
  dist/default/production\CHRPMini-Hand.X.production.obj 

Object code version is 3.11

Machine type is 18F25K50

Call graph: (short form)




                Name                               Link     Load   Length Selector   Space Scale
C:\Users\Abhi\AppData\Local\Temp\s7fg.obj
                init                               2000     2000        4     1000       0
                idloc                            200000   200000        8   200000       0
                config                           300000   300000        E   300000       0
dist/default/production\CHRPMini-Hand.X.production.obj
                text13                             7A00     7A00       18     3D00       0
                text12                             7DB2     7DB2      10A     3ED9       0
                text11                             7EBC     7EBC      144     3F5E       0
                text10                             7A34     7A34       24     3D1A       0
                text9                              7C4A     7C4A       9E     3E25       0
                text8                              7BC6     7BC6       84     3DE3       0
                text7                              7B4A     7B4A       7C     3DA5       0
                text6                              7A58     7A58       30     3D2C       0
                text5                              7A18     7A18       1C     3D0C       0
                text4                              79D4     79D4       16     3CEA       0
                text3                              7AC0     7AC0       3C     3D60       0
                text2                              7A88     7A88       38     3D44       0
                text1                              7CE8     7CE8       CA     3E74       0
                text0                              7AFC     7AFC       4E     3D7E       0
                cstackCOMRAM                         11       11        E        1       1
                bssCOMRAM                             1        1       10        1       1
                cinit                              79EA     79EA       16     3CF5       0

TOTAL           Name                               Link     Load   Length     Space
        CLASS   STACK          

        CLASS   CODE           
                init                               2000     2000        4         0
                text13                             7A00     7A00       18         0
                text12                             7DB2     7DB2      10A         0
                text11                             7EBC     7EBC      144         0
                text10                             7A34     7A34       24         0
                text9                              7C4A     7C4A       9E         0
                text8                              7BC6     7BC6       84         0
                text7                              7B4A     7B4A       7C         0
                text6                              7A58     7A58       30         0
                text5                              7A18     7A18       1C         0
                text4                              79D4     79D4       16         0
                text3                              7AC0     7AC0       3C         0
                text2                              7A88     7A88       38         0
                text1                              7CE8     7CE8       CA         0
                text0                              7AFC     7AFC       4E         0
                cinit                              79EA     79EA       16         0

        CLASS   CONST          

        CLASS   SMALLCONST     

        CLASS   MEDIUMCONST    

        CLASS   COMRAM         
                cstackCOMRAM                         11       11        E         1
                bssCOMRAM                             1        1       10         1

        CLASS   ABS1           

        CLASS   BIGRAM         

        CLASS   RAM            

        CLASS   BANK0          

        CLASS   BANK1          

        CLASS   BANK2          

        CLASS   BANK3          

        CLASS   BANK4          

        CLASS   BANK5          

        CLASS   BANK6          

        CLASS   BANK7          

        CLASS   SFR            

        CLASS   FARRAM         

        CLASS   CONFIG         
                config                           300000   300000        E         0

        CLASS   IDLOC          
                idloc                            200000   200000        8         0

        CLASS   EEDATA         



SEGMENTS        Name                           Load    Length   Top    Selector   Space  Class

                bssCOMRAM                      000001  00001E  00001F         1       1  COMRAM  
                reset_vec                      002000  000004  002004      1000       0  CODE    
                text4                          0079D4  000016  0079EA      3CEA       0  CODE    
                cinit                          0079EA  000016  007A00      3CF5       0  CODE    
                text13                         007A00  000018  007A18      3D00       0  CODE    
                text5                          007A18  00001C  007A34      3D0C       0  CODE    
                text10                         007A34  000024  007A58      3D1A       0  CODE    
                text6                          007A58  000030  007A88      3D2C       0  CODE    
                text2                          007A88  000038  007AC0      3D44       0  CODE    
                text3                          007AC0  00003C  007AFC      3D60       0  CODE    
                text0                          007AFC  00004E  007B4A      3D7E       0  CODE    
                text7                          007B4A  00007C  007BC6      3DA5       0  CODE    
                text8                          007BC6  000084  007C4A      3DE3       0  CODE    
                text9                          007C4A  00009E  007CE8      3E25       0  CODE    
                text1                          007CE8  0000CA  007DB2      3E74       0  CODE    
                text12                         007DB2  00010A  007EBC      3ED9       0  CODE    
                text11                         007EBC  000144  008000      3F5E       0  CODE    
                idloc                          200000  000008  200008    200000       0  IDLOC   
                config                         300000  00000E  30000E    300000       0  CONFIG  


UNUSED ADDRESS RANGES

        Name                Unused          Largest block    Delta
        BANK0            000060-0000FF               A0
        BANK1            000100-0001FF              100
        BANK2            000200-0002FF              100
        BANK3            000300-0003FF              100
        BANK4            000400-0004FF              100
        BANK5            000500-0005FF              100
        BANK6            000600-0006FF              100
        BANK7            000700-0007FF              100
        BIGRAM           00001F-0007FF              7E1
        CODE             002004-002005                2
                         002008-002015                E
                         002018-0079D3             59BC
        COMRAM           00001F-00005F               41
        CONST            002004-002005                2
                         002008-002015                E
                         002018-0079D3             59BC
        EEDATA           F00000-F000FF              100
        FARRAM           000000-000000                1
        MEDIUMCONST      002004-002005                2
                         002008-002015                E
                         002018-0079D3             59BC
        RAM              000060-0007FF              100
        SFR              000F53-000FFF                D
        SMALLCONST       002004-002005                2
                         002008-002015                E
                         002018-0079D3              100
        STACK            000060-0007FF              7A0

                                  Symbol Table

?___awdiv                     cstackCOMRAM 000011
_ACTCON                       (abs)        000FB5
_ADCON0                       (abs)        000FC2
_ADCON1                       (abs)        000FC1
_ADCON2                       (abs)        000FC0
_ADON                         (abs)        007E10
_ADRESH                       (abs)        000FC4
_ANSELA                       (abs)        000F5B
_ANSELB                       (abs)        000F5C
_ANSELC                       (abs)        000F5D
_GO                           (abs)        007E11
_LATA                         (abs)        000F89
_LATB                         (abs)        000F8A
_LATBbits                     (abs)        000F8A
_LATC                         (abs)        000F8B
_OSCCON                       (abs)        000FD3
_OSCCON2                      (abs)        000FD2
_OSCTUNE                      (abs)        000F9B
_PLLRDY                       (abs)        007E97
_PORTA                        (abs)        000F80
_PORTB                        (abs)        000F81
_PORTC                        (abs)        000F82
_PORTEbits                    (abs)        000F84
_T0CON                        (abs)        000FD5
_TRISA                        (abs)        000F92
_TRISB                        (abs)        000F93
_TRISC                        (abs)        000F94
__CFG_BOREN$SBORDIS           (abs)        000000
__CFG_BORV$190                (abs)        000000
__CFG_CCP2MX$RC1              (abs)        000000
__CFG_CFGPLLEN$OFF            (abs)        000000
__CFG_CP0$OFF                 (abs)        000000
__CFG_CP1$OFF                 (abs)        000000
__CFG_CP2$OFF                 (abs)        000000
__CFG_CP3$OFF                 (abs)        000000
__CFG_CPB$OFF                 (abs)        000000
__CFG_CPD$OFF                 (abs)        000000
__CFG_CPUDIV$NOCLKDIV         (abs)        000000
__CFG_EBTR0$OFF               (abs)        000000
__CFG_EBTR1$OFF               (abs)        000000
__CFG_EBTR2$OFF               (abs)        000000
__CFG_EBTR3$OFF               (abs)        000000
__CFG_EBTRB$OFF               (abs)        000000
__CFG_FCMEN$OFF               (abs)        000000
__CFG_FOSC$INTOSCIO           (abs)        000000
__CFG_IESO$OFF                (abs)        000000
__CFG_LS48MHZ$SYS48X8         (abs)        000000
__CFG_LVP$OFF                 (abs)        000000
__CFG_MCLRE$OFF               (abs)        000000
__CFG_PBADEN$OFF              (abs)        000000
__CFG_PCLKEN$OFF              (abs)        000000
__CFG_PLLSEL$PLL3X            (abs)        000000
__CFG_SDOMX$RB3               (abs)        000000
__CFG_STVREN$ON               (abs)        000000
__CFG_T3CMX$RC0               (abs)        000000
__CFG_WDTEN$SWON              (abs)        000000
__CFG_WDTPS$32768             (abs)        000000
__CFG_WRT0$OFF                (abs)        000000
__CFG_WRT1$OFF                (abs)        000000
__CFG_WRT2$OFF                (abs)        000000
__CFG_WRT3$OFF                (abs)        000000
__CFG_WRTB$OFF                (abs)        000000
__CFG_WRTC$OFF                (abs)        000000
__CFG_WRTD$OFF                (abs)        000000
__CFG_XINST$OFF               (abs)        000000
__CFG_nLPBOR$ON               (abs)        000000
__CFG_nPWRTEN$OFF             (abs)        000000
__HRAM                        (abs)        000000
__Habs1                       abs1         000000
__Hbank0                      bank0        000000
__Hbank1                      bank1        000000
__Hbank2                      bank2        000000
__Hbank3                      bank3        000000
__Hbank4                      bank4        000000
__Hbank5                      bank5        000000
__Hbank6                      bank6        000000
__Hbank7                      bank7        000000
__Hbigbss                     bigbss       000000
__Hbigdata                    bigdata      000000
__Hbigram                     bigram       000000
__Hbss                        bss          000000
__HbssCOMRAM                  bssCOMRAM    000000
__Hcinit                      cinit        000000
__Hclrtext                    clrtext      000000
__Hcomram                     comram       000000
__Hconfig                     config       30000E
__Hconst                      const        000000
__HcstackCOMRAM               cstackCOMRAM 000000
__Hdata                       data         000000
__Heeprom_data                eeprom_data  000000
__Hfarbss                     farbss       000000
__Hfardata                    fardata      000000
__Hibigdata                   ibigdata     000000
__Hidata                      idata        000000
__Hidloc                      idloc        200008
__Hifardata                   ifardata     000000
__Hinit                       init         002004
__Hintcode                    intcode      002000
__Hintcode_body               intcode_body 000000
__Hintcodelo                  intcodelo    002000
__Hintentry                   intentry     000000
__Hintret                     intret       000000
__Hintsave_regs               intsave_regs 000000
__Hirdata                     irdata       000000
__Hmediumconst                mediumconst  000000
__HnvFARRAM                   nvFARRAM     000000
__Hnvbit                      nvbit        000000
__Hnvrram                     nvrram       000000
__Hparam                      rparam       000000
__Hpowerup                    powerup      002000
__Hram                        ram          000000
__Hramtop                     ramtop       000800
__Hrbit                       rbit         000000
__Hrbss                       rbss         000000
__Hrdata                      rdata        000000
__Hreset_vec                  reset_vec    002000
__Hrparam                     rparam       000000
__Hsfr                        sfr          000000
__Hsmallconst                 smallconst   000000
__Hspace_0                    (abs)        30000E
__Hspace_1                    (abs)        00001F
__Hspace_2                    (abs)        000000
__Hstack                      stack        000000
__Hstruct                     struct       000000
__Htemp                       temp         000000
__Htext                       text         000000
__Htext0                      text0        000000
__Htext1                      text1        000000
__Htext10                     text10       000000
__Htext11                     text11       000000
__Htext12                     text12       000000
__Htext13                     text13       000000
__Htext2                      text2        000000
__Htext3                      text3        000000
__Htext4                      text4        000000
__Htext5                      text5        000000
__Htext6                      text6        000000
__Htext7                      text7        000000
__Htext8                      text8        000000
__Htext9                      text9        000000
__LRAM                        (abs)        000001
__Labs1                       abs1         000000
__Lbank0                      bank0        000000
__Lbank1                      bank1        000000
__Lbank2                      bank2        000000
__Lbank3                      bank3        000000
__Lbank4                      bank4        000000
__Lbank5                      bank5        000000
__Lbank6                      bank6        000000
__Lbank7                      bank7        000000
__Lbigbss                     bigbss       000000
__Lbigdata                    bigdata      000000
__Lbigram                     bigram       000000
__Lbss                        bss          000000
__LbssCOMRAM                  bssCOMRAM    000000
__Lcinit                      cinit        000000
__Lclrtext                    clrtext      000000
__Lcomram                     comram       000000
__Lconfig                     config       300000
__Lconst                      const        000000
__LcstackCOMRAM               cstackCOMRAM 000000
__Ldata                       data         000000
__Leeprom_data                eeprom_data  000000
__Lfarbss                     farbss       000000
__Lfardata                    fardata      000000
__Libigdata                   ibigdata     000000
__Lidata                      idata        000000
__Lidloc                      idloc        200000
__Lifardata                   ifardata     000000
__Linit                       init         002000
__Lintcode                    intcode      002000
__Lintcode_body               intcode_body 000000
__Lintcodelo                  intcodelo    002000
__Lintentry                   intentry     000000
__Lintret                     intret       000000
__Lintsave_regs               intsave_regs 000000
__Lirdata                     irdata       000000
__Lmediumconst                mediumconst  000000
__LnvFARRAM                   nvFARRAM     000000
__Lnvbit                      nvbit        000000
__Lnvrram                     nvrram       000000
__Lparam                      rparam       000000
__Lpowerup                    powerup      002000
__Lram                        ram          000000
__Lramtop                     ramtop       000800
__Lrbit                       rbit         000000
__Lrbss                       rbss         000000
__Lrdata                      rdata        000000
__Lreset_vec                  reset_vec    002000
__Lrparam                     rparam       000000
__Lsfr                        sfr          000000
__Lsmallconst                 smallconst   000000
__Lspace_0                    (abs)        000000
__Lspace_1                    (abs)        000000
__Lspace_2                    (abs)        000000
__Lstack                      stack        000000
__Lstruct                     struct       000000
__Ltemp                       temp         000000
__Ltext                       text         000000
__Ltext0                      text0        000000
__Ltext1                      text1        000000
__Ltext10                     text10       000000
__Ltext11                     text11       000000
__Ltext12                     text12       000000
__Ltext13                     text13       000000
__Ltext2                      text2        000000
__Ltext3                      text3        000000
__Ltext4                      text4        000000
__Ltext5                      text5        000000
__Ltext6                      text6        000000
__Ltext7                      text7        000000
__Ltext8                      text8        000000
__Ltext9                      text9        000000
__S0                          (abs)        30000E
__S1                          (abs)        00001F
__S2                          (abs)        000000
___awdiv                      text8        007BC6
___awdiv@counter              cstackCOMRAM 000015
___awdiv@dividend             cstackCOMRAM 000011
___awdiv@divisor              cstackCOMRAM 000013
___awdiv@quotient             cstackCOMRAM 000017
___awdiv@sign                 cstackCOMRAM 000016
___inthi_sp                   stack        000000
___intlo_sp                   stack        000000
___param_bank                 (abs)        000000
___rparam_used                (abs)        000001
___sp                         stack        000000
__accesstop                   (abs)        000060
__activetblptr                (abs)        000002
__end_of___awdiv              text8        007C4A
__end_of__initialization      cinit        0079F6
__end_of_adConvert            text10       007A58
__end_of_checkMode            text12       007EBC
__end_of_commands             text11       008000
__end_of_convertSensors       text9        007CE8
__end_of_delay                text7        007BC6
__end_of_heyKidWantSomeCandy  text6        007A88
__end_of_initANA              text5        007A34
__end_of_initOsc              text4        0079EA
__end_of_initPorts            text3        007AFC
__end_of_initVariables        text2        007AC0
__end_of_main                 text0        007B4A
__end_of_pulseServos          text1        007DB2
__end_of_setPos               text13       007A18
__initialization              cinit        0079EA
__mediumconst                 mediumconst  000000
__pbssCOMRAM                  bssCOMRAM    000001
__pcinit                      cinit        0079EA
__pcstackCOMRAM               cstackCOMRAM 000011
__ptext0                      text0        007AFC
__ptext1                      text1        007CE8
__ptext10                     text10       007A34
__ptext11                     text11       007EBC
__ptext12                     text12       007DB2
__ptext13                     text13       007A00
__ptext2                      text2        007A88
__ptext3                      text3        007AC0
__ptext4                      text4        0079D4
__ptext5                      text5        007A18
__ptext6                      text6        007A58
__ptext7                      text7        007B4A
__ptext8                      text8        007BC6
__ptext9                      text9        007C4A
__ramtop                      ramtop       000800
__size_of___awdiv             (abs)        000000
__size_of_adConvert           (abs)        000000
__size_of_checkMode           (abs)        000000
__size_of_commands            (abs)        000000
__size_of_convertSensors      (abs)        000000
__size_of_delay               (abs)        000000
__size_of_heyKidWantSomeCandy (abs)        000000
__size_of_initANA             (abs)        000000
__size_of_initOsc             (abs)        000000
__size_of_initPorts           (abs)        000000
__size_of_initVariables       (abs)        000000
__size_of_main                (abs)        000000
__size_of_pulseServos         (abs)        000000
__size_of_setPos              (abs)        000000
__smallconst                  smallconst   000000
_adConvert                    text10       007A34
_arcPos                       bssCOMRAM    000001
_buttonWasLetGo               bssCOMRAM    000008
_cCountFingerCycle            bssCOMRAM    00000E
_cCycleIncrement              bssCOMRAM    00000D
_cDelay                       bssCOMRAM    00000F
_cGesture                     bssCOMRAM    00000C
_cMode                        bssCOMRAM    000010
_checkMode                    text12       007DB2
_checkMode$151                cstackCOMRAM 000016
_checkMode$153                cstackCOMRAM 000018
_commands                     text11       007EBC
_convertSensors               text9        007C4A
_convertSensors$173           cstackCOMRAM 000013
_delay                        text7        007B4A
_heyKidWantSomeCandy          text6        007A58
_initANA                      text5        007A18
_initOsc                      text4        0079D4
_initPorts                    text3        007AC0
_initVariables                text2        007A88
_isPressedForGesture          bssCOMRAM    000009
_isPressedForMode             bssCOMRAM    00000A
_main                         text0        007AFC
_modeSelect                   bssCOMRAM    00000B
_nDelay                       bssCOMRAM    000006
_pulseServos                  text1        007CE8
_setPos                       text13       007A00
adConvert@chan                cstackCOMRAM 000011
checkMode@cTempMode           cstackCOMRAM 00001C
checkMode@i                   cstackCOMRAM 00001A
checkMode@i_152               cstackCOMRAM 00001B
convertSensors@cMax           cstackCOMRAM 000014
convertSensors@i              cstackCOMRAM 000015
delay@i                       cstackCOMRAM 00001D
end_of_initialization         cinit        0079F6
intlevel0                     text         000000
intlevel1                     text         000000
intlevel2                     text         000000
intlevel3                     text         000000
pulseServos@i                 cstackCOMRAM 000012
pulseServos@i_164             cstackCOMRAM 000013
pulseServos@i_165             cstackCOMRAM 000014
pulseServos@i_166             cstackCOMRAM 000015
pulseServos@i_167             cstackCOMRAM 000016
setPos@a                      cstackCOMRAM 000015
setPos@b                      cstackCOMRAM 000011
setPos@c                      cstackCOMRAM 000012
setPos@d                      cstackCOMRAM 000013
setPos@e                      cstackCOMRAM 000014
stackhi                       (abs)        0007FF
stacklo                       (abs)        000060
start                         init         002000
start_initialization          cinit        0079EA


FUNCTION INFORMATION:

 *************** function _main *****************
 Defined at:
		line 306 in file "Hand.c"
 Parameters:    Size  Location     Type
		None
 Auto vars:     Size  Location     Type
		None
 Return value:  Size  Location     Type
                  2  188[None  ] int 
 Registers used:
		wreg, fsr2l, fsr2h, status,2, status,0, prodl, prodh, cstack
 Tracked objects:
		On entry : 
		On exit  : 
		Unchanged: 
 Data sizes:     COMRAM   BANK0   BANK1   BANK2   BANK3   BANK4   BANK5   BANK6   BANK7
      Params:         0       0       0       0       0       0       0       0       0
      Locals:         0       0       0       0       0       0       0       0       0
      Temps:          0       0       0       0       0       0       0       0       0
      Totals:         0       0       0       0       0       0       0       0       0
Total ram usage:        0 bytes
 Hardware stack levels required when called:    2
 This function calls:
		_checkMode
		_commands
		_convertSensors
		_delay
		_heyKidWantSomeCandy
		_initANA
		_initOsc
		_initPorts
		_initVariables
		_pulseServos
 This function is called by:
		Startup code after reset
 This function uses a non-reentrant model


 *************** function _pulseServos *****************
 Defined at:
		line 144 in file "Hand.c"
 Parameters:    Size  Location     Type
		None
 Auto vars:     Size  Location     Type
  i               1    5[COMRAM] unsigned char 
  i               1    4[COMRAM] unsigned char 
  i               1    3[COMRAM] unsigned char 
  i               1    2[COMRAM] unsigned char 
  i               1    1[COMRAM] unsigned char 
 Return value:  Size  Location     Type
                  1    wreg      void 
 Registers used:
		wreg, status,2, status,0
 Tracked objects:
		On entry : 
		On exit  : 
		Unchanged: 
 Data sizes:     COMRAM   BANK0   BANK1   BANK2   BANK3   BANK4   BANK5   BANK6   BANK7
      Params:         0       0       0       0       0       0       0       0       0
      Locals:         5       0       0       0       0       0       0       0       0
      Temps:          1       0       0       0       0       0       0       0       0
      Totals:         6       0       0       0       0       0       0       0       0
Total ram usage:        6 bytes
 Hardware stack levels used:    1
 This function calls:
		Nothing
 This function is called by:
		_main
 This function uses a non-reentrant model


 *************** function _initVariables *****************
 Defined at:
		line 57 in file "Hand.c"
 Parameters:    Size  Location     Type
		None
 Auto vars:     Size  Location     Type
		None
 Return value:  Size  Location     Type
                  1    wreg      void 
 Registers used:
		wreg, status,2, cstack
 Tracked objects:
		On entry : 
		On exit  : 
		Unchanged: 
 Data sizes:     COMRAM   BANK0   BANK1   BANK2   BANK3   BANK4   BANK5   BANK6   BANK7
      Params:         0       0       0       0       0       0       0       0       0
      Locals:         0       0       0       0       0       0       0       0       0
      Temps:          0       0       0       0       0       0       0       0       0
      Totals:         0       0       0       0       0       0       0       0       0
Total ram usage:        0 bytes
 Hardware stack levels used:    1
 Hardware stack levels required when called:    1
 This function calls:
		_setPos
 This function is called by:
		_main
 This function uses a non-reentrant model


 *************** function _initPorts *****************
 Defined at:
		line 27 in file "CHRP3.c"
 Parameters:    Size  Location     Type
		None
 Auto vars:     Size  Location     Type
		None
 Return value:  Size  Location     Type
                  1    wreg      void 
 Registers used:
		wreg, status,2
 Tracked objects:
		On entry : 
		On exit  : 
		Unchanged: 
 Data sizes:     COMRAM   BANK0   BANK1   BANK2   BANK3   BANK4   BANK5   BANK6   BANK7
      Params:         0       0       0       0       0       0       0       0       0
      Locals:         0       0       0       0       0       0       0       0       0
      Temps:          0       0       0       0       0       0       0       0       0
      Totals:         0       0       0       0       0       0       0       0       0
Total ram usage:        0 bytes
 Hardware stack levels used:    1
 This function calls:
		Nothing
 This function is called by:
		_main
 This function uses a non-reentrant model


 *************** function _initOsc *****************
 Defined at:
		line 16 in file "CHRP3.c"
 Parameters:    Size  Location     Type
		None
 Auto vars:     Size  Location     Type
		None
 Return value:  Size  Location     Type
                  1    wreg      void 
 Registers used:
		wreg, status,2
 Tracked objects:
		On entry : 
		On exit  : 
		Unchanged: 
 Data sizes:     COMRAM   BANK0   BANK1   BANK2   BANK3   BANK4   BANK5   BANK6   BANK7
      Params:         0       0       0       0       0       0       0       0       0
      Locals:         0       0       0       0       0       0       0       0       0
      Temps:          0       0       0       0       0       0       0       0       0
      Totals:         0       0       0       0       0       0       0       0       0
Total ram usage:        0 bytes
 Hardware stack levels used:    1
 This function calls:
		Nothing
 This function is called by:
		_main
 This function uses a non-reentrant model


 *************** function _initANA *****************
 Defined at:
		line 52 in file "CHRP3.c"
 Parameters:    Size  Location     Type
		None
 Auto vars:     Size  Location     Type
		None
 Return value:  Size  Location     Type
                  1    wreg      void 
 Registers used:
		wreg, status,2
 Tracked objects:
		On entry : 
		On exit  : 
		Unchanged: 
 Data sizes:     COMRAM   BANK0   BANK1   BANK2   BANK3   BANK4   BANK5   BANK6   BANK7
      Params:         0       0       0       0       0       0       0       0       0
      Locals:         0       0       0       0       0       0       0       0       0
      Temps:          0       0       0       0       0       0       0       0       0
      Totals:         0       0       0       0       0       0       0       0       0
Total ram usage:        0 bytes
 Hardware stack levels used:    1
 This function calls:
		Nothing
 This function is called by:
		_main
 This function uses a non-reentrant model


 *************** function _heyKidWantSomeCandy *****************
 Defined at:
		line 295 in file "Hand.c"
 Parameters:    Size  Location     Type
		None
 Auto vars:     Size  Location     Type
		None
 Return value:  Size  Location     Type
                  1    wreg      void 
 Registers used:
		wreg, status,2, status,0, prodl, prodh, cstack
 Tracked objects:
		On entry : 
		On exit  : 
		Unchanged: 
 Data sizes:     COMRAM   BANK0   BANK1   BANK2   BANK3   BANK4   BANK5   BANK6   BANK7
      Params:         0       0       0       0       0       0       0       0       0
      Locals:         0       0       0       0       0       0       0       0       0
      Temps:          0       0       0       0       0       0       0       0       0
      Totals:         0       0       0       0       0       0       0       0       0
Total ram usage:        0 bytes
 Hardware stack levels used:    1
 Hardware stack levels required when called:    1
 This function calls:
		_setPos
 This function is called by:
		_main
 This function uses a non-reentrant model


 *************** function _delay *****************
 Defined at:
		line 201 in file "Hand.c"
 Parameters:    Size  Location     Type
		None
 Auto vars:     Size  Location     Type
  i               2   12[COMRAM] int 
 Return value:  Size  Location     Type
                  1    wreg      void 
 Registers used:
		wreg, status,2, status,0, cstack
 Tracked objects:
		On entry : 
		On exit  : 
		Unchanged: 
 Data sizes:     COMRAM   BANK0   BANK1   BANK2   BANK3   BANK4   BANK5   BANK6   BANK7
      Params:         0       0       0       0       0       0       0       0       0
      Locals:         2       0       0       0       0       0       0       0       0
      Temps:          4       0       0       0       0       0       0       0       0
      Totals:         6       0       0       0       0       0       0       0       0
Total ram usage:        6 bytes
 Hardware stack levels used:    1
 Hardware stack levels required when called:    1
 This function calls:
		___awdiv
 This function is called by:
		_main
 This function uses a non-reentrant model


 *************** function ___awdiv *****************
 Defined at:
		line 8 in file "C:\Program Files (x86)\Microchip\xc8\v1.41\sources\common\awdiv.c"
 Parameters:    Size  Location     Type
  dividend        2    0[COMRAM] int 
  divisor         2    2[COMRAM] int 
 Auto vars:     Size  Location     Type
  quotient        2    6[COMRAM] int 
  sign            1    5[COMRAM] unsigned char 
  counter         1    4[COMRAM] unsigned char 
 Return value:  Size  Location     Type
                  2    0[COMRAM] int 
 Registers used:
		wreg, status,2, status,0
 Tracked objects:
		On entry : 
		On exit  : 
		Unchanged: 
 Data sizes:     COMRAM   BANK0   BANK1   BANK2   BANK3   BANK4   BANK5   BANK6   BANK7
      Params:         4       0       0       0       0       0       0       0       0
      Locals:         4       0       0       0       0       0       0       0       0
      Temps:          0       0       0       0       0       0       0       0       0
      Totals:         8       0       0       0       0       0       0       0       0
Total ram usage:        8 bytes
 Hardware stack levels used:    1
 This function calls:
		Nothing
 This function is called by:
		_delay
 This function uses a non-reentrant model


 *************** function _convertSensors *****************
 Defined at:
		line 213 in file "Hand.c"
 Parameters:    Size  Location     Type
		None
 Auto vars:     Size  Location     Type
  i               1    4[COMRAM] unsigned char 
  cMax            1    3[COMRAM] unsigned char 
 Return value:  Size  Location     Type
                  1    wreg      void 
 Registers used:
		wreg, fsr2l, fsr2h, status,2, status,0, prodl, prodh, cstack
 Tracked objects:
		On entry : 
		On exit  : 
		Unchanged: 
 Data sizes:     COMRAM   BANK0   BANK1   BANK2   BANK3   BANK4   BANK5   BANK6   BANK7
      Params:         0       0       0       0       0       0       0       0       0
      Locals:         3       0       0       0       0       0       0       0       0
      Temps:          1       0       0       0       0       0       0       0       0
      Totals:         4       0       0       0       0       0       0       0       0
Total ram usage:        4 bytes
 Hardware stack levels used:    1
 Hardware stack levels required when called:    1
 This function calls:
		_adConvert
 This function is called by:
		_main
 This function uses a non-reentrant model


 *************** function _adConvert *****************
 Defined at:
		line 74 in file "Hand.c"
 Parameters:    Size  Location     Type
  chan            1    wreg     unsigned char 
 Auto vars:     Size  Location     Type
  chan            1    0[COMRAM] unsigned char 
 Return value:  Size  Location     Type
                  1    wreg      unsigned char 
 Registers used:
		wreg, status,2, status,0
 Tracked objects:
		On entry : 
		On exit  : 
		Unchanged: 
 Data sizes:     COMRAM   BANK0   BANK1   BANK2   BANK3   BANK4   BANK5   BANK6   BANK7
      Params:         0       0       0       0       0       0       0       0       0
      Locals:         1       0       0       0       0       0       0       0       0
      Temps:          0       0       0       0       0       0       0       0       0
      Totals:         1       0       0       0       0       0       0       0       0
Total ram usage:        1 bytes
 Hardware stack levels used:    1
 This function calls:
		Nothing
 This function is called by:
		_convertSensors
 This function uses a non-reentrant model


 *************** function _commands *****************
 Defined at:
		line 239 in file "Hand.c"
 Parameters:    Size  Location     Type
		None
 Auto vars:     Size  Location     Type
		None
 Return value:  Size  Location     Type
                  1    wreg      void 
 Registers used:
		wreg, status,2, status,0, cstack
 Tracked objects:
		On entry : 
		On exit  : 
		Unchanged: 
 Data sizes:     COMRAM   BANK0   BANK1   BANK2   BANK3   BANK4   BANK5   BANK6   BANK7
      Params:         0       0       0       0       0       0       0       0       0
      Locals:         0       0       0       0       0       0       0       0       0
      Temps:          0       0       0       0       0       0       0       0       0
      Totals:         0       0       0       0       0       0       0       0       0
Total ram usage:        0 bytes
 Hardware stack levels used:    1
 Hardware stack levels required when called:    1
 This function calls:
		_setPos
 This function is called by:
		_main
 This function uses a non-reentrant model


 *************** function _checkMode *****************
 Defined at:
		line 98 in file "Hand.c"
 Parameters:    Size  Location     Type
		None
 Auto vars:     Size  Location     Type
  i               1   10[COMRAM] unsigned char 
  i               1    9[COMRAM] unsigned char 
  cTempMode       1   11[COMRAM] unsigned char 
 Return value:  Size  Location     Type
                  1    wreg      unsigned char 
 Registers used:
		wreg, fsr2l, fsr2h, status,2, status,0, prodl, prodh, cstack
 Tracked objects:
		On entry : 
		On exit  : 
		Unchanged: 
 Data sizes:     COMRAM   BANK0   BANK1   BANK2   BANK3   BANK4   BANK5   BANK6   BANK7
      Params:         0       0       0       0       0       0       0       0       0
      Locals:         7       0       0       0       0       0       0       0       0
      Temps:          0       0       0       0       0       0       0       0       0
      Totals:         7       0       0       0       0       0       0       0       0
Total ram usage:        7 bytes
 Hardware stack levels used:    1
 Hardware stack levels required when called:    1
 This function calls:
		_setPos
 This function is called by:
		_main
 This function uses a non-reentrant model


 *************** function _setPos *****************
 Defined at:
		line 43 in file "Hand.c"
 Parameters:    Size  Location     Type
  a               1    wreg     unsigned char 
  b               1    0[COMRAM] unsigned char 
  c               1    1[COMRAM] unsigned char 
  d               1    2[COMRAM] unsigned char 
  e               1    3[COMRAM] unsigned char 
 Auto vars:     Size  Location     Type
  a               1    4[COMRAM] unsigned char 
 Return value:  Size  Location     Type
                  1    wreg      void 
 Registers used:
		wreg
 Tracked objects:
		On entry : 
		On exit  : 
		Unchanged: 
 Data sizes:     COMRAM   BANK0   BANK1   BANK2   BANK3   BANK4   BANK5   BANK6   BANK7
      Params:         4       0       0       0       0       0       0       0       0
      Locals:         1       0       0       0       0       0       0       0       0
      Temps:          0       0       0       0       0       0       0       0       0
      Totals:         5       0       0       0       0       0       0       0       0
Total ram usage:        5 bytes
 Hardware stack levels used:    1
 This function calls:
		Nothing
 This function is called by:
		_initVariables
		_checkMode
		_commands
		_heyKidWantSomeCandy
 This function uses a non-reentrant model



MODULE INFORMATION

Module		Function		Class		Link	Load	Size
C:\Program Files (x86)\Microchip\xc8\v1.41\sources\common\awdiv.c
		___awdiv       		CODE           	7BC6	0000	133

C:\Program Files (x86)\Microchip\xc8\v1.41\sources\common\awdiv.c estimated size: 133

CHRP3.c
		_initOsc       		CODE           	79D4	0000	23
		_initPorts     		CODE           	7AC0	0000	61
		_initANA       		CODE           	7A18	0000	29

CHRP3.c estimated size: 113

Hand.c
		_convertSensors		CODE           	7C4A	0000	159
		_delay         		CODE           	7B4A	0000	125
		_main          		CODE           	7AFC	0000	79
		_checkMode     		CODE           	7DB2	0000	267
		_adConvert     		CODE           	7A34	0000	37
		_pulseServos   		CODE           	7CE8	0000	203
		_initVariables 		CODE           	7A88	0000	57
		_heyKidWantSomeCandy		CODE           	7A58	0000	49
		_commands      		CODE           	7EBC	0000	325
		_setPos        		CODE           	7A00	0000	25

Hand.c estimated size: 1326

shared
		__initialization		CODE           	79EA	0000	13

shared estimated size: 13

