Microchip MPLAB XC8 Compiler V1.41 ()

Linker command line:

-W-3 --edf=C:\Program Files (x86)\Microchip\xc8\v1.41\dat\en_msgs.txt -cs \
  -h+dist/default/production\CHRPMini-Hand.X.production.sym \
  --cmf=dist/default/production\CHRPMini-Hand.X.production.cmf -z \
  -Q18F25K50 -oC:\Users\Abhi\AppData\Local\Temp\s7h8.2 \
  -Mdist/default/production/CHRPMini-Hand.X.production.map -E1 -ver=XC8 \
  -ASTACK=060h-07ffh -pstack=STACK \
  -ACODE=02000h-02005h,02008h-02015h,02018h-07FFFh \
  -ACONST=02000h-02005h,02008h-02015h,02018h-07FFFh \
  -ASMALLCONST=02000h-02005h,02008h-02015h,02018h-020FFh,02100h-021FFhx95 \
  -AMEDIUMCONST=02000h-02005h,02008h-02015h,02018h-07FFFh -ACOMRAM=01h-05Fh \
  -AABS1=00h-07FFh -ABIGRAM=01h-07FFh -ARAM=060h-0FFh,0100h-01FFhx7 \
  -ABANK0=060h-0FFh -ABANK1=0100h-01FFh -ABANK2=0200h-02FFh \
  -ABANK3=0300h-03FFh -ABANK4=0400h-04FFh -ABANK5=0500h-05FFh \
  -ABANK6=0600h-06FFh -ABANK7=0700h-07FFh -ASFR=0F53h-0F5Fh,0F60h-0FFFh \
  -preset_vec=02000h,intcode,intcodelo,powerup,init -pramtop=0800h \
  -psmallconst=SMALLCONST -pmediumconst=MEDIUMCONST -pconst=CONST \
  -AFARRAM=00h-00h -ACONFIG=0300000h-030000Dh -pconfig=CONFIG \
  -AIDLOC=0200000h-0200007h -pidloc=IDLOC -AEEDATA=0F00000h-0F000FFh \
  -peeprom_data=EEDATA \
  -prdata=COMRAM,nvrram=COMRAM,nvbit=COMRAM,rbss=COMRAM,rbit=COMRAM \
  -pfarbss=FARRAM,fardata=FARRAM,nvFARRAM=FARRAM \
  -pintsave_regs=BIGRAM,bigbss=BIGRAM,bigdata=BIGRAM -pbss=RAM \
  -pidata=CODE,irdata=CODE,ibigdata=CODE,ifardata=CODE -prparam=COMRAM \
  C:\Users\Abhi\AppData\Local\Temp\s7h8.obj \
  dist/default/production\CHRPMini-Hand.X.production.obj 

Object code version is 3.11

Machine type is 18F25K50

Call graph: (short form)




                Name                               Link     Load   Length Selector   Space Scale
C:\Users\Abhi\AppData\Local\Temp\s7h8.obj
                init                               2000     2000        4     1000       0
                idloc                            200000   200000        8   200000       0
                config                           300000   300000        E   300000       0
dist/default/production\CHRPMini-Hand.X.production.obj
                text9                              7D76     7D76      116     3EBB       0
                text8                              7C28     7C28       84     3E14       0
                text7                              7BAC     7BAC       7C     3DD6       0
                text6                              7B28     7B28       1C     3D94       0
                text5                              7AE4     7AE4       16     3D72       0
                text4                              7B70     7B70       3C     3DB8       0
                text3                              7B10     7B10       18     3D88       0
                text2                              7B44     7B44       2C     3DA2       0
                text1                              7CAC     7CAC       CA     3E56       0
                text0                              7E8C     7E8C      174     3F46       0
                cstackCOMRAM                          F        F        E        1       1
                bssCOMRAM                             1        1        E        1       1
                cinit                              7AFA     7AFA       16     3D7D       0

TOTAL           Name                               Link     Load   Length     Space
        CLASS   STACK          

        CLASS   CODE           
                init                               2000     2000        4         0
                text9                              7D76     7D76      116         0
                text8                              7C28     7C28       84         0
                text7                              7BAC     7BAC       7C         0
                text6                              7B28     7B28       1C         0
                text5                              7AE4     7AE4       16         0
                text4                              7B70     7B70       3C         0
                text3                              7B10     7B10       18         0
                text2                              7B44     7B44       2C         0
                text1                              7CAC     7CAC       CA         0
                text0                              7E8C     7E8C      174         0
                cinit                              7AFA     7AFA       16         0

        CLASS   CONST          

        CLASS   SMALLCONST     

        CLASS   MEDIUMCONST    

        CLASS   COMRAM         
                cstackCOMRAM                          F        F        E         1
                bssCOMRAM                             1        1        E         1

        CLASS   ABS1           

        CLASS   BIGRAM         

        CLASS   RAM            

        CLASS   BANK0          

        CLASS   BANK1          

        CLASS   BANK2          

        CLASS   BANK3          

        CLASS   BANK4          

        CLASS   BANK5          

        CLASS   BANK6          

        CLASS   BANK7          

        CLASS   SFR            

        CLASS   FARRAM         

        CLASS   CONFIG         
                config                           300000   300000        E         0

        CLASS   IDLOC          
                idloc                            200000   200000        8         0

        CLASS   EEDATA         



SEGMENTS        Name                           Load    Length   Top    Selector   Space  Class

                bssCOMRAM                      000001  00001C  00001D         1       1  COMRAM  
                reset_vec                      002000  000004  002004      1000       0  CODE    
                text5                          007AE4  000016  007AFA      3D72       0  CODE    
                cinit                          007AFA  000016  007B10      3D7D       0  CODE    
                text3                          007B10  000018  007B28      3D88       0  CODE    
                text6                          007B28  00001C  007B44      3D94       0  CODE    
                text2                          007B44  00002C  007B70      3DA2       0  CODE    
                text4                          007B70  00003C  007BAC      3DB8       0  CODE    
                text7                          007BAC  00007C  007C28      3DD6       0  CODE    
                text8                          007C28  000084  007CAC      3E14       0  CODE    
                text1                          007CAC  0000CA  007D76      3E56       0  CODE    
                text9                          007D76  000116  007E8C      3EBB       0  CODE    
                text0                          007E8C  000174  008000      3F46       0  CODE    
                idloc                          200000  000008  200008    200000       0  IDLOC   
                config                         300000  00000E  30000E    300000       0  CONFIG  


UNUSED ADDRESS RANGES

        Name                Unused          Largest block    Delta
        BANK0            000060-0000FF               A0
        BANK1            000100-0001FF              100
        BANK2            000200-0002FF              100
        BANK3            000300-0003FF              100
        BANK4            000400-0004FF              100
        BANK5            000500-0005FF              100
        BANK6            000600-0006FF              100
        BANK7            000700-0007FF              100
        BIGRAM           00001D-0007FF              7E3
        CODE             002004-002005                2
                         002008-002015                E
                         002018-007AE3             5ACC
        COMRAM           00001D-00005F               43
        CONST            002004-002005                2
                         002008-002015                E
                         002018-007AE3             5ACC
        EEDATA           F00000-F000FF              100
        FARRAM           000000-000000                1
        MEDIUMCONST      002004-002005                2
                         002008-002015                E
                         002018-007AE3             5ACC
        RAM              000060-0007FF              100
        SFR              000F53-000FFF                D
        SMALLCONST       002004-002005                2
                         002008-002015                E
                         002018-007AE3              100
        STACK            000060-0007FF              7A0

                                  Symbol Table

?___awdiv                cstackCOMRAM 00000F
_ACTCON                  (abs)        000FB5
_ADCON0                  (abs)        000FC2
_ADCON1                  (abs)        000FC1
_ADCON2                  (abs)        000FC0
_ADON                    (abs)        007E10
_ADRESH                  (abs)        000FC4
_ANSELA                  (abs)        000F5B
_ANSELB                  (abs)        000F5C
_ANSELC                  (abs)        000F5D
_GO                      (abs)        007E11
_LATA                    (abs)        000F89
_LATB                    (abs)        000F8A
_LATBbits                (abs)        000F8A
_LATC                    (abs)        000F8B
_OSCCON                  (abs)        000FD3
_OSCCON2                 (abs)        000FD2
_OSCTUNE                 (abs)        000F9B
_PLLRDY                  (abs)        007E97
_PORTA                   (abs)        000F80
_PORTB                   (abs)        000F81
_PORTC                   (abs)        000F82
_PORTEbits               (abs)        000F84
_T0CON                   (abs)        000FD5
_TRISA                   (abs)        000F92
_TRISB                   (abs)        000F93
_TRISC                   (abs)        000F94
__CFG_BOREN$SBORDIS      (abs)        000000
__CFG_BORV$190           (abs)        000000
__CFG_CCP2MX$RC1         (abs)        000000
__CFG_CFGPLLEN$OFF       (abs)        000000
__CFG_CP0$OFF            (abs)        000000
__CFG_CP1$OFF            (abs)        000000
__CFG_CP2$OFF            (abs)        000000
__CFG_CP3$OFF            (abs)        000000
__CFG_CPB$OFF            (abs)        000000
__CFG_CPD$OFF            (abs)        000000
__CFG_CPUDIV$NOCLKDIV    (abs)        000000
__CFG_EBTR0$OFF          (abs)        000000
__CFG_EBTR1$OFF          (abs)        000000
__CFG_EBTR2$OFF          (abs)        000000
__CFG_EBTR3$OFF          (abs)        000000
__CFG_EBTRB$OFF          (abs)        000000
__CFG_FCMEN$OFF          (abs)        000000
__CFG_FOSC$INTOSCIO      (abs)        000000
__CFG_IESO$OFF           (abs)        000000
__CFG_LS48MHZ$SYS48X8    (abs)        000000
__CFG_LVP$OFF            (abs)        000000
__CFG_MCLRE$OFF          (abs)        000000
__CFG_PBADEN$OFF         (abs)        000000
__CFG_PCLKEN$OFF         (abs)        000000
__CFG_PLLSEL$PLL3X       (abs)        000000
__CFG_SDOMX$RB3          (abs)        000000
__CFG_STVREN$ON          (abs)        000000
__CFG_T3CMX$RC0          (abs)        000000
__CFG_WDTEN$SWON         (abs)        000000
__CFG_WDTPS$32768        (abs)        000000
__CFG_WRT0$OFF           (abs)        000000
__CFG_WRT1$OFF           (abs)        000000
__CFG_WRT2$OFF           (abs)        000000
__CFG_WRT3$OFF           (abs)        000000
__CFG_WRTB$OFF           (abs)        000000
__CFG_WRTC$OFF           (abs)        000000
__CFG_WRTD$OFF           (abs)        000000
__CFG_XINST$OFF          (abs)        000000
__CFG_nLPBOR$ON          (abs)        000000
__CFG_nPWRTEN$OFF        (abs)        000000
__HRAM                   (abs)        000000
__Habs1                  abs1         000000
__Hbank0                 bank0        000000
__Hbank1                 bank1        000000
__Hbank2                 bank2        000000
__Hbank3                 bank3        000000
__Hbank4                 bank4        000000
__Hbank5                 bank5        000000
__Hbank6                 bank6        000000
__Hbank7                 bank7        000000
__Hbigbss                bigbss       000000
__Hbigdata               bigdata      000000
__Hbigram                bigram       000000
__Hbss                   bss          000000
__HbssCOMRAM             bssCOMRAM    000000
__Hcinit                 cinit        000000
__Hclrtext               clrtext      000000
__Hcomram                comram       000000
__Hconfig                config       30000E
__Hconst                 const        000000
__HcstackCOMRAM          cstackCOMRAM 000000
__Hdata                  data         000000
__Heeprom_data           eeprom_data  000000
__Hfarbss                farbss       000000
__Hfardata               fardata      000000
__Hibigdata              ibigdata     000000
__Hidata                 idata        000000
__Hidloc                 idloc        200008
__Hifardata              ifardata     000000
__Hinit                  init         002004
__Hintcode               intcode      002000
__Hintcode_body          intcode_body 000000
__Hintcodelo             intcodelo    002000
__Hintentry              intentry     000000
__Hintret                intret       000000
__Hintsave_regs          intsave_regs 000000
__Hirdata                irdata       000000
__Hmediumconst           mediumconst  000000
__HnvFARRAM              nvFARRAM     000000
__Hnvbit                 nvbit        000000
__Hnvrram                nvrram       000000
__Hparam                 rparam       000000
__Hpowerup               powerup      002000
__Hram                   ram          000000
__Hramtop                ramtop       000800
__Hrbit                  rbit         000000
__Hrbss                  rbss         000000
__Hrdata                 rdata        000000
__Hreset_vec             reset_vec    002000
__Hrparam                rparam       000000
__Hsfr                   sfr          000000
__Hsmallconst            smallconst   000000
__Hspace_0               (abs)        30000E
__Hspace_1               (abs)        00001D
__Hspace_2               (abs)        000000
__Hstack                 stack        000000
__Hstruct                struct       000000
__Htemp                  temp         000000
__Htext                  text         000000
__Htext0                 text0        000000
__Htext1                 text1        000000
__Htext2                 text2        000000
__Htext3                 text3        000000
__Htext4                 text4        000000
__Htext5                 text5        000000
__Htext6                 text6        000000
__Htext7                 text7        000000
__Htext8                 text8        000000
__Htext9                 text9        000000
__LRAM                   (abs)        000001
__Labs1                  abs1         000000
__Lbank0                 bank0        000000
__Lbank1                 bank1        000000
__Lbank2                 bank2        000000
__Lbank3                 bank3        000000
__Lbank4                 bank4        000000
__Lbank5                 bank5        000000
__Lbank6                 bank6        000000
__Lbank7                 bank7        000000
__Lbigbss                bigbss       000000
__Lbigdata               bigdata      000000
__Lbigram                bigram       000000
__Lbss                   bss          000000
__LbssCOMRAM             bssCOMRAM    000000
__Lcinit                 cinit        000000
__Lclrtext               clrtext      000000
__Lcomram                comram       000000
__Lconfig                config       300000
__Lconst                 const        000000
__LcstackCOMRAM          cstackCOMRAM 000000
__Ldata                  data         000000
__Leeprom_data           eeprom_data  000000
__Lfarbss                farbss       000000
__Lfardata               fardata      000000
__Libigdata              ibigdata     000000
__Lidata                 idata        000000
__Lidloc                 idloc        200000
__Lifardata              ifardata     000000
__Linit                  init         002000
__Lintcode               intcode      002000
__Lintcode_body          intcode_body 000000
__Lintcodelo             intcodelo    002000
__Lintentry              intentry     000000
__Lintret                intret       000000
__Lintsave_regs          intsave_regs 000000
__Lirdata                irdata       000000
__Lmediumconst           mediumconst  000000
__LnvFARRAM              nvFARRAM     000000
__Lnvbit                 nvbit        000000
__Lnvrram                nvrram       000000
__Lparam                 rparam       000000
__Lpowerup               powerup      002000
__Lram                   ram          000000
__Lramtop                ramtop       000800
__Lrbit                  rbit         000000
__Lrbss                  rbss         000000
__Lrdata                 rdata        000000
__Lreset_vec             reset_vec    002000
__Lrparam                rparam       000000
__Lsfr                   sfr          000000
__Lsmallconst            smallconst   000000
__Lspace_0               (abs)        000000
__Lspace_1               (abs)        000000
__Lspace_2               (abs)        000000
__Lstack                 stack        000000
__Lstruct                struct       000000
__Ltemp                  temp         000000
__Ltext                  text         000000
__Ltext0                 text0        000000
__Ltext1                 text1        000000
__Ltext2                 text2        000000
__Ltext3                 text3        000000
__Ltext4                 text4        000000
__Ltext5                 text5        000000
__Ltext6                 text6        000000
__Ltext7                 text7        000000
__Ltext8                 text8        000000
__Ltext9                 text9        000000
__S0                     (abs)        30000E
__S1                     (abs)        00001D
__S2                     (abs)        000000
___awdiv                 text8        007C28
___awdiv@counter         cstackCOMRAM 000013
___awdiv@dividend        cstackCOMRAM 00000F
___awdiv@divisor         cstackCOMRAM 000011
___awdiv@quotient        cstackCOMRAM 000015
___awdiv@sign            cstackCOMRAM 000014
___inthi_sp              stack        000000
___intlo_sp              stack        000000
___param_bank            (abs)        000000
___rparam_used           (abs)        000001
___sp                    stack        000000
__accesstop              (abs)        000060
__activetblptr           (abs)        000002
__end_of___awdiv         text8        007CAC
__end_of__initialization cinit        007B06
__end_of_checkMode       text9        007E8C
__end_of_delay           text7        007C28
__end_of_initANA         text6        007B44
__end_of_initOsc         text5        007AFA
__end_of_initPorts       text4        007BAC
__end_of_initVariables   text2        007B70
__end_of_main            text0        008000
__end_of_pulseServos     text1        007D76
__end_of_setPos          text3        007B28
__initialization         cinit        007AFA
__mediumconst            mediumconst  000000
__pbssCOMRAM             bssCOMRAM    000001
__pcinit                 cinit        007AFA
__pcstackCOMRAM          cstackCOMRAM 00000F
__ptext0                 text0        007E8C
__ptext1                 text1        007CAC
__ptext2                 text2        007B44
__ptext3                 text3        007B10
__ptext4                 text4        007B70
__ptext5                 text5        007AE4
__ptext6                 text6        007B28
__ptext7                 text7        007BAC
__ptext8                 text8        007C28
__ptext9                 text9        007D76
__ramtop                 ramtop       000800
__size_of___awdiv        (abs)        000000
__size_of_checkMode      (abs)        000000
__size_of_delay          (abs)        000000
__size_of_initANA        (abs)        000000
__size_of_initOsc        (abs)        000000
__size_of_initPorts      (abs)        000000
__size_of_initVariables  (abs)        000000
__size_of_main           (abs)        000000
__size_of_pulseServos    (abs)        000000
__size_of_setPos         (abs)        000000
__smallconst             smallconst   000000
_arcPos                  bssCOMRAM    000001
_buttonWasLetGo          bssCOMRAM    00000A
_cDelay                  bssCOMRAM    00000D
_cGesture                bssCOMRAM    000009
_cMode                   bssCOMRAM    00000E
_checkMode               text9        007D76
_checkMode$149           cstackCOMRAM 00000F
_checkMode$152           cstackCOMRAM 000011
_delay                   text7        007BAC
_initANA                 text6        007B28
_initOsc                 text5        007AE4
_initPorts               text4        007B70
_initVariables           text2        007B44
_isPressedForGesture     bssCOMRAM    000008
_isPressedForMode        bssCOMRAM    00000B
_main                    text0        007E8C
_modeSelect              bssCOMRAM    00000C
_nDelay                  bssCOMRAM    000006
_pulseServos             text1        007CAC
_setPos                  text3        007B10
checkMode@cTempMode      cstackCOMRAM 000016
checkMode@i              cstackCOMRAM 000014
checkMode@i_150          cstackCOMRAM 000013
checkMode@i_151          cstackCOMRAM 000015
delay@i                  cstackCOMRAM 00001B
end_of_initialization    cinit        007B06
intlevel0                text         000000
intlevel1                text         000000
intlevel2                text         000000
intlevel3                text         000000
pulseServos@i            cstackCOMRAM 000010
pulseServos@i_163        cstackCOMRAM 000011
pulseServos@i_164        cstackCOMRAM 000012
pulseServos@i_165        cstackCOMRAM 000013
pulseServos@i_166        cstackCOMRAM 000014
setPos@a                 cstackCOMRAM 000013
setPos@b                 cstackCOMRAM 00000F
setPos@c                 cstackCOMRAM 000010
setPos@d                 cstackCOMRAM 000011
setPos@e                 cstackCOMRAM 000012
stackhi                  (abs)        0007FF
stacklo                  (abs)        000060
start                    init         002000
start_initialization     cinit        007AFA


FUNCTION INFORMATION:

 *************** function _main *****************
 Defined at:
		line 227 in file "Hand.c"
 Parameters:    Size  Location     Type
		None
 Auto vars:     Size  Location     Type
		None
 Return value:  Size  Location     Type
                  2  156[None  ] int 
 Registers used:
		wreg, fsr2l, fsr2h, status,2, status,0, prodl, prodh, cstack
 Tracked objects:
		On entry : 
		On exit  : 
		Unchanged: 
 Data sizes:     COMRAM   BANK0   BANK1   BANK2   BANK3   BANK4   BANK5   BANK6   BANK7
      Params:         0       0       0       0       0       0       0       0       0
      Locals:         0       0       0       0       0       0       0       0       0
      Temps:          0       0       0       0       0       0       0       0       0
      Totals:         0       0       0       0       0       0       0       0       0
Total ram usage:        0 bytes
 Hardware stack levels required when called:    2
 This function calls:
		_checkMode
		_delay
		_initANA
		_initOsc
		_initPorts
		_initVariables
		_pulseServos
		_setPos
 This function is called by:
		Startup code after reset
 This function uses a non-reentrant model


 *************** function _pulseServos *****************
 Defined at:
		line 157 in file "Hand.c"
 Parameters:    Size  Location     Type
		None
 Auto vars:     Size  Location     Type
  i               1    5[COMRAM] unsigned char 
  i               1    4[COMRAM] unsigned char 
  i               1    3[COMRAM] unsigned char 
  i               1    2[COMRAM] unsigned char 
  i               1    1[COMRAM] unsigned char 
 Return value:  Size  Location     Type
                  1    wreg      void 
 Registers used:
		wreg, status,2, status,0
 Tracked objects:
		On entry : 
		On exit  : 
		Unchanged: 
 Data sizes:     COMRAM   BANK0   BANK1   BANK2   BANK3   BANK4   BANK5   BANK6   BANK7
      Params:         0       0       0       0       0       0       0       0       0
      Locals:         5       0       0       0       0       0       0       0       0
      Temps:          1       0       0       0       0       0       0       0       0
      Totals:         6       0       0       0       0       0       0       0       0
Total ram usage:        6 bytes
 Hardware stack levels used:    1
 This function calls:
		Nothing
 This function is called by:
		_main
 This function uses a non-reentrant model


 *************** function _initVariables *****************
 Defined at:
		line 58 in file "Hand.c"
 Parameters:    Size  Location     Type
		None
 Auto vars:     Size  Location     Type
		None
 Return value:  Size  Location     Type
                  1    wreg      void 
 Registers used:
		wreg, status,2, cstack
 Tracked objects:
		On entry : 
		On exit  : 
		Unchanged: 
 Data sizes:     COMRAM   BANK0   BANK1   BANK2   BANK3   BANK4   BANK5   BANK6   BANK7
      Params:         0       0       0       0       0       0       0       0       0
      Locals:         0       0       0       0       0       0       0       0       0
      Temps:          0       0       0       0       0       0       0       0       0
      Totals:         0       0       0       0       0       0       0       0       0
Total ram usage:        0 bytes
 Hardware stack levels used:    1
 Hardware stack levels required when called:    1
 This function calls:
		_setPos
 This function is called by:
		_main
 This function uses a non-reentrant model


 *************** function _setPos *****************
 Defined at:
		line 44 in file "Hand.c"
 Parameters:    Size  Location     Type
  a               1    wreg     unsigned char 
  b               1    0[COMRAM] unsigned char 
  c               1    1[COMRAM] unsigned char 
  d               1    2[COMRAM] unsigned char 
  e               1    3[COMRAM] unsigned char 
 Auto vars:     Size  Location     Type
  a               1    4[COMRAM] unsigned char 
 Return value:  Size  Location     Type
                  1    wreg      void 
 Registers used:
		wreg
 Tracked objects:
		On entry : 
		On exit  : 
		Unchanged: 
 Data sizes:     COMRAM   BANK0   BANK1   BANK2   BANK3   BANK4   BANK5   BANK6   BANK7
      Params:         4       0       0       0       0       0       0       0       0
      Locals:         1       0       0       0       0       0       0       0       0
      Temps:          0       0       0       0       0       0       0       0       0
      Totals:         5       0       0       0       0       0       0       0       0
Total ram usage:        5 bytes
 Hardware stack levels used:    1
 This function calls:
		Nothing
 This function is called by:
		_initVariables
		_main
 This function uses a non-reentrant model


 *************** function _initPorts *****************
 Defined at:
		line 27 in file "CHRP3.c"
 Parameters:    Size  Location     Type
		None
 Auto vars:     Size  Location     Type
		None
 Return value:  Size  Location     Type
                  1    wreg      void 
 Registers used:
		wreg, status,2
 Tracked objects:
		On entry : 
		On exit  : 
		Unchanged: 
 Data sizes:     COMRAM   BANK0   BANK1   BANK2   BANK3   BANK4   BANK5   BANK6   BANK7
      Params:         0       0       0       0       0       0       0       0       0
      Locals:         0       0       0       0       0       0       0       0       0
      Temps:          0       0       0       0       0       0       0       0       0
      Totals:         0       0       0       0       0       0       0       0       0
Total ram usage:        0 bytes
 Hardware stack levels used:    1
 This function calls:
		Nothing
 This function is called by:
		_main
 This function uses a non-reentrant model


 *************** function _initOsc *****************
 Defined at:
		line 16 in file "CHRP3.c"
 Parameters:    Size  Location     Type
		None
 Auto vars:     Size  Location     Type
		None
 Return value:  Size  Location     Type
                  1    wreg      void 
 Registers used:
		wreg, status,2
 Tracked objects:
		On entry : 
		On exit  : 
		Unchanged: 
 Data sizes:     COMRAM   BANK0   BANK1   BANK2   BANK3   BANK4   BANK5   BANK6   BANK7
      Params:         0       0       0       0       0       0       0       0       0
      Locals:         0       0       0       0       0       0       0       0       0
      Temps:          0       0       0       0       0       0       0       0       0
      Totals:         0       0       0       0       0       0       0       0       0
Total ram usage:        0 bytes
 Hardware stack levels used:    1
 This function calls:
		Nothing
 This function is called by:
		_main
 This function uses a non-reentrant model


 *************** function _initANA *****************
 Defined at:
		line 52 in file "CHRP3.c"
 Parameters:    Size  Location     Type
		None
 Auto vars:     Size  Location     Type
		None
 Return value:  Size  Location     Type
                  1    wreg      void 
 Registers used:
		wreg, status,2
 Tracked objects:
		On entry : 
		On exit  : 
		Unchanged: 
 Data sizes:     COMRAM   BANK0   BANK1   BANK2   BANK3   BANK4   BANK5   BANK6   BANK7
      Params:         0       0       0       0       0       0       0       0       0
      Locals:         0       0       0       0       0       0       0       0       0
      Temps:          0       0       0       0       0       0       0       0       0
      Totals:         0       0       0       0       0       0       0       0       0
Total ram usage:        0 bytes
 Hardware stack levels used:    1
 This function calls:
		Nothing
 This function is called by:
		_main
 This function uses a non-reentrant model


 *************** function _delay *****************
 Defined at:
		line 214 in file "Hand.c"
 Parameters:    Size  Location     Type
		None
 Auto vars:     Size  Location     Type
  i               2   12[COMRAM] int 
 Return value:  Size  Location     Type
                  1    wreg      void 
 Registers used:
		wreg, status,2, status,0, cstack
 Tracked objects:
		On entry : 
		On exit  : 
		Unchanged: 
 Data sizes:     COMRAM   BANK0   BANK1   BANK2   BANK3   BANK4   BANK5   BANK6   BANK7
      Params:         0       0       0       0       0       0       0       0       0
      Locals:         2       0       0       0       0       0       0       0       0
      Temps:          4       0       0       0       0       0       0       0       0
      Totals:         6       0       0       0       0       0       0       0       0
Total ram usage:        6 bytes
 Hardware stack levels used:    1
 Hardware stack levels required when called:    1
 This function calls:
		___awdiv
 This function is called by:
		_main
 This function uses a non-reentrant model


 *************** function ___awdiv *****************
 Defined at:
		line 8 in file "C:\Program Files (x86)\Microchip\xc8\v1.41\sources\common\awdiv.c"
 Parameters:    Size  Location     Type
  dividend        2    0[COMRAM] int 
  divisor         2    2[COMRAM] int 
 Auto vars:     Size  Location     Type
  quotient        2    6[COMRAM] int 
  sign            1    5[COMRAM] unsigned char 
  counter         1    4[COMRAM] unsigned char 
 Return value:  Size  Location     Type
                  2    0[COMRAM] int 
 Registers used:
		wreg, status,2, status,0
 Tracked objects:
		On entry : 
		On exit  : 
		Unchanged: 
 Data sizes:     COMRAM   BANK0   BANK1   BANK2   BANK3   BANK4   BANK5   BANK6   BANK7
      Params:         4       0       0       0       0       0       0       0       0
      Locals:         4       0       0       0       0       0       0       0       0
      Temps:          0       0       0       0       0       0       0       0       0
      Totals:         8       0       0       0       0       0       0       0       0
Total ram usage:        8 bytes
 Hardware stack levels used:    1
 This function calls:
		Nothing
 This function is called by:
		_delay
 This function uses a non-reentrant model


 *************** function _checkMode *****************
 Defined at:
		line 109 in file "Hand.c"
 Parameters:    Size  Location     Type
		None
 Auto vars:     Size  Location     Type
  i               1    6[COMRAM] unsigned char 
  i               1    4[COMRAM] unsigned char 
  i               1    5[COMRAM] unsigned char 
  cTempMode       1    7[COMRAM] unsigned char 
 Return value:  Size  Location     Type
                  1    wreg      unsigned char 
 Registers used:
		wreg, fsr2l, fsr2h, status,2, status,0, prodl, prodh
 Tracked objects:
		On entry : 
		On exit  : 
		Unchanged: 
 Data sizes:     COMRAM   BANK0   BANK1   BANK2   BANK3   BANK4   BANK5   BANK6   BANK7
      Params:         0       0       0       0       0       0       0       0       0
      Locals:         8       0       0       0       0       0       0       0       0
      Temps:          0       0       0       0       0       0       0       0       0
      Totals:         8       0       0       0       0       0       0       0       0
Total ram usage:        8 bytes
 Hardware stack levels used:    1
 This function calls:
		Nothing
 This function is called by:
		_main
 This function uses a non-reentrant model



MODULE INFORMATION

Module		Function		Class		Link	Load	Size
C:\Program Files (x86)\Microchip\xc8\v1.41\sources\common\awdiv.c
		___awdiv       		CODE           	7C28	0000	133

C:\Program Files (x86)\Microchip\xc8\v1.41\sources\common\awdiv.c estimated size: 133

CHRP3.c
		_initOsc       		CODE           	7AE4	0000	23
		_initPorts     		CODE           	7B70	0000	61
		_initANA       		CODE           	7B28	0000	29

CHRP3.c estimated size: 113

Hand.c
		_delay         		CODE           	7BAC	0000	125
		_main          		CODE           	7E8C	0000	373
		_checkMode     		CODE           	7D76	0000	279
		_pulseServos   		CODE           	7CAC	0000	203
		_initVariables 		CODE           	7B44	0000	45
		_setPos        		CODE           	7B10	0000	25

Hand.c estimated size: 1050

shared
		__initialization		CODE           	7AFA	0000	13

shared estimated size: 13

