Microchip MPLAB XC8 Compiler V1.42 ()

Linker command line:

-W-3 --edf=C:\Program Files\Microchip\xc8\v1.42\dat\en_msgs.txt -cs \
  -h+dist/default/production\CHRPMini-Hand.production.sym \
  --cmf=dist/default/production\CHRPMini-Hand.production.cmf -z -Q18F25K50 \
  -oC:\Users\SCHIE3~1\AppData\Local\Temp\s4d0.2 \
  -Mdist/default/production/CHRPMini-Hand.production.map -E1 -ver=XC8 \
  -ASTACK=060h-07ffh -pstack=STACK \
  -ACODE=02000h-02005h,02008h-02015h,02018h-07FFFh \
  -ACONST=02000h-02005h,02008h-02015h,02018h-07FFFh \
  -ASMALLCONST=02000h-02005h,02008h-02015h,02018h-020FFh,02100h-021FFhx95 \
  -AMEDIUMCONST=02000h-02005h,02008h-02015h,02018h-07FFFh -ACOMRAM=01h-05Fh \
  -AABS1=00h-07FFh -ABIGRAM=01h-07FFh -ARAM=060h-0FFh,0100h-01FFhx7 \
  -ABANK0=060h-0FFh -ABANK1=0100h-01FFh -ABANK2=0200h-02FFh \
  -ABANK3=0300h-03FFh -ABANK4=0400h-04FFh -ABANK5=0500h-05FFh \
  -ABANK6=0600h-06FFh -ABANK7=0700h-07FFh -ASFR=0F53h-0F5Fh,0F60h-0FFFh \
  -preset_vec=02000h,intcode,intcodelo,powerup,init -pramtop=0800h \
  -psmallconst=SMALLCONST -pmediumconst=MEDIUMCONST -pconst=CONST \
  -AFARRAM=00h-00h -ACONFIG=0300000h-030000Dh -pconfig=CONFIG \
  -AIDLOC=0200000h-0200007h -pidloc=IDLOC -AEEDATA=0F00000h-0F000FFh \
  -peeprom_data=EEDATA \
  -prdata=COMRAM,nvrram=COMRAM,nvbit=COMRAM,rbss=COMRAM,rbit=COMRAM \
  -pfarbss=FARRAM,fardata=FARRAM,nvFARRAM=FARRAM \
  -pintsave_regs=BIGRAM,bigbss=BIGRAM,bigdata=BIGRAM -pbss=RAM \
  -pidata=CODE,irdata=CODE,ibigdata=CODE,ifardata=CODE -prparam=COMRAM \
  C:\Users\SCHIE3~1\AppData\Local\Temp\s4d0.obj \
  dist/default/production\CHRPMini-Hand.production.obj 

Object code version is 3.11

Machine type is 18F25K50

Call graph: (short form)




                Name                               Link     Load   Length Selector   Space Scale
C:\Users\SCHIE3~1\AppData\Local\Temp\s4d0.obj
                init                               2000     2000        4     1000       0
                idloc                            200000   200000        8   200000       0
                config                           300000   300000        E   300000       0
dist/default/production\CHRPMini-Hand.production.obj
                text8                              7F04     7F04       FC     3F82       0
                text7                              2004     2004        2     1000       0
                text6                              7DB6     7DB6       84     3EDB       0
                text5                              7D3A     7D3A       7C     3E9D       0
                text4                              7C84     7C84       1C     3E42       0
                text3                              7C72     7C72       12     3E39       0
                text2                              7CFE     7CFE       3C     3E7F       0
                text1                              7E3A     7E3A       CA     3F1D       0
                text0                              7CC8     7CC8       36     3E64       0
                cstackCOMRAM                          1        1        E        1       1
                dataCOMRAM                           1A       1A        1        1       1
                bssCOMRAM                             F        F        B        1       1
                cinit                              7CA0     7CA0       28     3E50       0
                idataCOMRAM                        2008     2008        1     2008       0

TOTAL           Name                               Link     Load   Length     Space
        CLASS   STACK          

        CLASS   CODE           
                init                               2000     2000        4         0
                text8                              7F04     7F04       FC         0
                text7                              2004     2004        2         0
                text6                              7DB6     7DB6       84         0
                text5                              7D3A     7D3A       7C         0
                text4                              7C84     7C84       1C         0
                text3                              7C72     7C72       12         0
                text2                              7CFE     7CFE       3C         0
                text1                              7E3A     7E3A       CA         0
                text0                              7CC8     7CC8       36         0
                cinit                              7CA0     7CA0       28         0
                idataCOMRAM                        2008     2008        1         0

        CLASS   CONST          

        CLASS   SMALLCONST     

        CLASS   MEDIUMCONST    

        CLASS   COMRAM         
                cstackCOMRAM                          1        1        E         1
                dataCOMRAM                           1A       1A        1         1
                bssCOMRAM                             F        F        B         1

        CLASS   ABS1           

        CLASS   BIGRAM         

        CLASS   RAM            

        CLASS   BANK0          

        CLASS   BANK1          

        CLASS   BANK2          

        CLASS   BANK3          

        CLASS   BANK4          

        CLASS   BANK5          

        CLASS   BANK6          

        CLASS   BANK7          

        CLASS   SFR            

        CLASS   FARRAM         

        CLASS   CONFIG         
                config                           300000   300000        E         0

        CLASS   IDLOC          
                idloc                            200000   200000        8         0

        CLASS   EEDATA         



SEGMENTS        Name                           Load    Length   Top    Selector   Space  Class

                cstackCOMRAM                   000001  00001A  00001B         1       1  COMRAM  
                reset_vec                      002000  000006  002006      1000       0  CODE    
                idataCOMRAM                    002008  000001  002009      2008       0  CODE    
                text3                          007C72  000012  007C84      3E39       0  CODE    
                text4                          007C84  00001C  007CA0      3E42       0  CODE    
                cinit                          007CA0  000028  007CC8      3E50       0  CODE    
                text0                          007CC8  000036  007CFE      3E64       0  CODE    
                text2                          007CFE  00003C  007D3A      3E7F       0  CODE    
                text5                          007D3A  00007C  007DB6      3E9D       0  CODE    
                text6                          007DB6  000084  007E3A      3EDB       0  CODE    
                text1                          007E3A  0000CA  007F04      3F1D       0  CODE    
                text8                          007F04  0000FC  008000      3F82       0  CODE    
                idloc                          200000  000008  200008    200000       0  IDLOC   
                config                         300000  00000E  30000E    300000       0  CONFIG  


UNUSED ADDRESS RANGES

        Name                Unused          Largest block    Delta
        BANK0            000060-0000FF               A0
        BANK1            000100-0001FF              100
        BANK2            000200-0002FF              100
        BANK3            000300-0003FF              100
        BANK4            000400-0004FF              100
        BANK5            000500-0005FF              100
        BANK6            000600-0006FF              100
        BANK7            000700-0007FF              100
        BIGRAM           00001B-0007FF              7E5
        CODE             002009-002015                D
                         002018-007C71             5C5A
        COMRAM           00001B-00005F               45
        CONST            002009-002015                D
                         002018-007C71             5C5A
        EEDATA           F00000-F000FF              100
        FARRAM           000000-000000                1
        MEDIUMCONST      002009-002015                D
                         002018-007C71             5C5A
        RAM              000060-0007FF              100
        SFR              000F53-000FFF                D
        SMALLCONST       002009-002015                D
                         002018-007C71              100
        STACK            000060-0007FF              7A0

                                  Symbol Table

?___awdiv                cstackCOMRAM 000001
_ACTCON                  (abs)        000FB5
_ADCON0                  (abs)        000FC2
_ADCON1                  (abs)        000FC1
_ADCON2                  (abs)        000FC0
_ADON                    (abs)        007E10
_ADRESH                  (abs)        000FC4
_ANSELA                  (abs)        000F5B
_ANSELB                  (abs)        000F5C
_ANSELC                  (abs)        000F5D
_GO                      (abs)        007E11
_LATA                    (abs)        000F89
_LATB                    (abs)        000F8A
_LATBbits                (abs)        000F8A
_LATC                    (abs)        000F8B
_OSCCON                  (abs)        000FD3
_OSCCON2                 (abs)        000FD2
_OSCTUNE                 (abs)        000F9B
_PORTA                   (abs)        000F80
_PORTB                   (abs)        000F81
_PORTC                   (abs)        000F82
_PORTEbits               (abs)        000F84
_T0CON                   (abs)        000FD5
_TRISA                   (abs)        000F92
_TRISB                   (abs)        000F93
_TRISC                   (abs)        000F94
__CFG_BOREN$SBORDIS      (abs)        000000
__CFG_BORV$190           (abs)        000000
__CFG_CCP2MX$RC1         (abs)        000000
__CFG_CFGPLLEN$OFF       (abs)        000000
__CFG_CP0$OFF            (abs)        000000
__CFG_CP1$OFF            (abs)        000000
__CFG_CP2$OFF            (abs)        000000
__CFG_CP3$OFF            (abs)        000000
__CFG_CPB$OFF            (abs)        000000
__CFG_CPD$OFF            (abs)        000000
__CFG_CPUDIV$NOCLKDIV    (abs)        000000
__CFG_EBTR0$OFF          (abs)        000000
__CFG_EBTR1$OFF          (abs)        000000
__CFG_EBTR2$OFF          (abs)        000000
__CFG_EBTR3$OFF          (abs)        000000
__CFG_EBTRB$OFF          (abs)        000000
__CFG_FCMEN$OFF          (abs)        000000
__CFG_FOSC$INTOSCIO      (abs)        000000
__CFG_IESO$OFF           (abs)        000000
__CFG_LS48MHZ$SYS48X8    (abs)        000000
__CFG_LVP$OFF            (abs)        000000
__CFG_MCLRE$OFF          (abs)        000000
__CFG_PBADEN$OFF         (abs)        000000
__CFG_PCLKEN$OFF         (abs)        000000
__CFG_PLLSEL$PLL3X       (abs)        000000
__CFG_SDOMX$RB3          (abs)        000000
__CFG_STVREN$ON          (abs)        000000
__CFG_T3CMX$RC0          (abs)        000000
__CFG_WDTEN$SWON         (abs)        000000
__CFG_WDTPS$32768        (abs)        000000
__CFG_WRT0$OFF           (abs)        000000
__CFG_WRT1$OFF           (abs)        000000
__CFG_WRT2$OFF           (abs)        000000
__CFG_WRT3$OFF           (abs)        000000
__CFG_WRTB$OFF           (abs)        000000
__CFG_WRTC$OFF           (abs)        000000
__CFG_WRTD$OFF           (abs)        000000
__CFG_XINST$OFF          (abs)        000000
__CFG_nLPBOR$ON          (abs)        000000
__CFG_nPWRTEN$OFF        (abs)        000000
__HRAM                   (abs)        000000
__Habs1                  abs1         000000
__Hbank0                 bank0        000000
__Hbank1                 bank1        000000
__Hbank2                 bank2        000000
__Hbank3                 bank3        000000
__Hbank4                 bank4        000000
__Hbank5                 bank5        000000
__Hbank6                 bank6        000000
__Hbank7                 bank7        000000
__Hbigbss                bigbss       000000
__Hbigdata               bigdata      000000
__Hbigram                bigram       000000
__Hbss                   bss          000000
__HbssCOMRAM             bssCOMRAM    000000
__Hcinit                 cinit        000000
__Hclrtext               clrtext      000000
__Hcomram                comram       000000
__Hconfig                config       30000E
__Hconst                 const        000000
__HcstackCOMRAM          cstackCOMRAM 000000
__Hdata                  data         000000
__HdataCOMRAM            dataCOMRAM   000000
__Heeprom_data           eeprom_data  000000
__Hfarbss                farbss       000000
__Hfardata               fardata      000000
__Hibigdata              ibigdata     000000
__Hidata                 idata        000000
__HidataCOMRAM           idataCOMRAM  000000
__Hidloc                 idloc        200008
__Hifardata              ifardata     000000
__Hinit                  init         002004
__Hintcode               intcode      002000
__Hintcode_body          intcode_body 000000
__Hintcodelo             intcodelo    002000
__Hintentry              intentry     000000
__Hintret                intret       000000
__Hintsave_regs          intsave_regs 000000
__Hirdata                irdata       000000
__Hmediumconst           mediumconst  000000
__HnvFARRAM              nvFARRAM     000000
__Hnvbit                 nvbit        000000
__Hnvrram                nvrram       000000
__Hparam                 rparam       000000
__Hpowerup               powerup      002000
__Hram                   ram          000000
__Hramtop                ramtop       000800
__Hrbit                  rbit         000000
__Hrbss                  rbss         000000
__Hrdata                 rdata        000000
__Hreset_vec             reset_vec    002000
__Hrparam                rparam       000000
__Hsfr                   sfr          000000
__Hsmallconst            smallconst   000000
__Hspace_0               (abs)        30000E
__Hspace_1               (abs)        00001B
__Hspace_2               (abs)        000000
__Hstack                 stack        000000
__Hstruct                struct       000000
__Htemp                  temp         000000
__Htext                  text         000000
__Htext0                 text0        000000
__Htext1                 text1        000000
__Htext2                 text2        000000
__Htext3                 text3        000000
__Htext4                 text4        000000
__Htext5                 text5        000000
__Htext6                 text6        000000
__Htext7                 text7        000000
__Htext8                 text8        000000
__LRAM                   (abs)        000001
__Labs1                  abs1         000000
__Lbank0                 bank0        000000
__Lbank1                 bank1        000000
__Lbank2                 bank2        000000
__Lbank3                 bank3        000000
__Lbank4                 bank4        000000
__Lbank5                 bank5        000000
__Lbank6                 bank6        000000
__Lbank7                 bank7        000000
__Lbigbss                bigbss       000000
__Lbigdata               bigdata      000000
__Lbigram                bigram       000000
__Lbss                   bss          000000
__LbssCOMRAM             bssCOMRAM    000000
__Lcinit                 cinit        000000
__Lclrtext               clrtext      000000
__Lcomram                comram       000000
__Lconfig                config       300000
__Lconst                 const        000000
__LcstackCOMRAM          cstackCOMRAM 000000
__Ldata                  data         000000
__LdataCOMRAM            dataCOMRAM   000000
__Leeprom_data           eeprom_data  000000
__Lfarbss                farbss       000000
__Lfardata               fardata      000000
__Libigdata              ibigdata     000000
__Lidata                 idata        000000
__LidataCOMRAM           idataCOMRAM  000000
__Lidloc                 idloc        200000
__Lifardata              ifardata     000000
__Linit                  init         002000
__Lintcode               intcode      002000
__Lintcode_body          intcode_body 000000
__Lintcodelo             intcodelo    002000
__Lintentry              intentry     000000
__Lintret                intret       000000
__Lintsave_regs          intsave_regs 000000
__Lirdata                irdata       000000
__Lmediumconst           mediumconst  000000
__LnvFARRAM              nvFARRAM     000000
__Lnvbit                 nvbit        000000
__Lnvrram                nvrram       000000
__Lparam                 rparam       000000
__Lpowerup               powerup      002000
__Lram                   ram          000000
__Lramtop                ramtop       000800
__Lrbit                  rbit         000000
__Lrbss                  rbss         000000
__Lrdata                 rdata        000000
__Lreset_vec             reset_vec    002000
__Lrparam                rparam       000000
__Lsfr                   sfr          000000
__Lsmallconst            smallconst   000000
__Lspace_0               (abs)        000000
__Lspace_1               (abs)        000000
__Lspace_2               (abs)        000000
__Lstack                 stack        000000
__Lstruct                struct       000000
__Ltemp                  temp         000000
__Ltext                  text         000000
__Ltext0                 text0        000000
__Ltext1                 text1        000000
__Ltext2                 text2        000000
__Ltext3                 text3        000000
__Ltext4                 text4        000000
__Ltext5                 text5        000000
__Ltext6                 text6        000000
__Ltext7                 text7        000000
__Ltext8                 text8        000000
__S0                     (abs)        30000E
__S1                     (abs)        00001B
__S2                     (abs)        000000
___awdiv                 text6        007DB6
___awdiv@counter         cstackCOMRAM 000005
___awdiv@dividend        cstackCOMRAM 000001
___awdiv@divisor         cstackCOMRAM 000003
___awdiv@quotient        cstackCOMRAM 000007
___awdiv@sign            cstackCOMRAM 000006
___inthi_sp              stack        000000
___intlo_sp              stack        000000
___param_bank            (abs)        000000
___rparam_used           (abs)        000001
___sp                    stack        000000
__accesstop              (abs)        000060
__activetblptr           (abs)        000002
__end_of___awdiv         text6        007E3A
__end_of__initialization cinit        007CBE
__end_of_checkMode       text8        008000
__end_of_convertSensors  text7        002006
__end_of_delay           text5        007DB6
__end_of_initANA         text4        007CA0
__end_of_initOsc         text3        007C84
__end_of_initPorts       text2        007D3A
__end_of_main            text0        007CFE
__end_of_pulseServos     text1        007F04
__initialization         cinit        007CA0
__mediumconst            mediumconst  000000
__pbssCOMRAM             bssCOMRAM    00000F
__pcinit                 cinit        007CA0
__pcstackCOMRAM          cstackCOMRAM 000001
__pdataCOMRAM            dataCOMRAM   00001A
__pidataCOMRAM           idataCOMRAM  002008
__ptext0                 text0        007CC8
__ptext1                 text1        007E3A
__ptext2                 text2        007CFE
__ptext3                 text3        007C72
__ptext4                 text4        007C84
__ptext5                 text5        007D3A
__ptext6                 text6        007DB6
__ptext7                 text7        002004
__ptext8                 text8        007F04
__ramtop                 ramtop       000800
__size_of___awdiv        (abs)        000000
__size_of_checkMode      (abs)        000000
__size_of_convertSensors (abs)        000000
__size_of_delay          (abs)        000000
__size_of_initANA        (abs)        000000
__size_of_initOsc        (abs)        000000
__size_of_initPorts      (abs)        000000
__size_of_main           (abs)        000000
__size_of_pulseServos    (abs)        000000
__smallconst             smallconst   000000
_arcPos                  bssCOMRAM    00000F
_cDelay                  bssCOMRAM    000018
_cMode                   bssCOMRAM    000019
_checkMode               text8        007F04
_checkMode$141           cstackCOMRAM 000001
_convertSensors          text7        002004
_delay                   text5        007D3A
_initANA                 text4        007C84
_initOsc                 text3        007C72
_initPorts               text2        007CFE
_isPressed               bssCOMRAM    000016
_main                    text0        007CC8
_modeSelect              bssCOMRAM    000017
_nDelay                  bssCOMRAM    000014
_pulseServos             text1        007E3A
_wasTheButtonLetGo       dataCOMRAM   00001A
checkMode@cTempMode      cstackCOMRAM 000005
checkMode@i              cstackCOMRAM 000003
checkMode@i_139          cstackCOMRAM 000004
checkMode@i_140          cstackCOMRAM 000006
delay@i                  cstackCOMRAM 00000D
end_of_initialization    cinit        007CBE
intlevel0                text         000000
intlevel1                text         000000
intlevel2                text         000000
intlevel3                text         000000
pulseServos@i            cstackCOMRAM 000002
pulseServos@i_152        cstackCOMRAM 000003
pulseServos@i_153        cstackCOMRAM 000004
pulseServos@i_154        cstackCOMRAM 000005
pulseServos@i_155        cstackCOMRAM 000006
stackhi                  (abs)        0007FF
stacklo                  (abs)        000060
start                    init         002000
start_initialization     cinit        007CA0


FUNCTION INFORMATION:

 *************** function _main *****************
 Defined at:
		line 178 in file "Hand.c"
 Parameters:    Size  Location     Type
		None
 Auto vars:     Size  Location     Type
		None
 Return value:  Size  Location     Type
                  2  139[None  ] int 
 Registers used:
		wreg, fsr2l, fsr2h, status,2, status,0, prodl, prodh, cstack
 Tracked objects:
		On entry : 
		On exit  : 
		Unchanged: 
 Data sizes:     COMRAM   BANK0   BANK1   BANK2   BANK3   BANK4   BANK5   BANK6   BANK7
      Params:         0       0       0       0       0       0       0       0       0
      Locals:         0       0       0       0       0       0       0       0       0
      Temps:          0       0       0       0       0       0       0       0       0
      Totals:         0       0       0       0       0       0       0       0       0
Total ram usage:        0 bytes
 Hardware stack levels required when called:    2
 This function calls:
		_checkMode
		_convertSensors
		_delay
		_initANA
		_initOsc
		_initPorts
		_pulseServos
 This function is called by:
		Startup code after reset
 This function uses a non-reentrant model


 *************** function _pulseServos *****************
 Defined at:
		line 116 in file "Hand.c"
 Parameters:    Size  Location     Type
		None
 Auto vars:     Size  Location     Type
  i               1    5[COMRAM] unsigned char 
  i               1    4[COMRAM] unsigned char 
  i               1    3[COMRAM] unsigned char 
  i               1    2[COMRAM] unsigned char 
  i               1    1[COMRAM] unsigned char 
 Return value:  Size  Location     Type
                  1    wreg      void 
 Registers used:
		wreg, status,2, status,0
 Tracked objects:
		On entry : 
		On exit  : 
		Unchanged: 
 Data sizes:     COMRAM   BANK0   BANK1   BANK2   BANK3   BANK4   BANK5   BANK6   BANK7
      Params:         0       0       0       0       0       0       0       0       0
      Locals:         5       0       0       0       0       0       0       0       0
      Temps:          1       0       0       0       0       0       0       0       0
      Totals:         6       0       0       0       0       0       0       0       0
Total ram usage:        6 bytes
 Hardware stack levels used:    1
 This function calls:
		Nothing
 This function is called by:
		_main
 This function uses a non-reentrant model


 *************** function _initPorts *****************
 Defined at:
		line 27 in file "CHRP3.c"
 Parameters:    Size  Location     Type
		None
 Auto vars:     Size  Location     Type
		None
 Return value:  Size  Location     Type
                  1    wreg      void 
 Registers used:
		wreg, status,2
 Tracked objects:
		On entry : 
		On exit  : 
		Unchanged: 
 Data sizes:     COMRAM   BANK0   BANK1   BANK2   BANK3   BANK4   BANK5   BANK6   BANK7
      Params:         0       0       0       0       0       0       0       0       0
      Locals:         0       0       0       0       0       0       0       0       0
      Temps:          0       0       0       0       0       0       0       0       0
      Totals:         0       0       0       0       0       0       0       0       0
Total ram usage:        0 bytes
 Hardware stack levels used:    1
 This function calls:
		Nothing
 This function is called by:
		_main
 This function uses a non-reentrant model


 *************** function _initOsc *****************
 Defined at:
		line 16 in file "CHRP3.c"
 Parameters:    Size  Location     Type
		None
 Auto vars:     Size  Location     Type
		None
 Return value:  Size  Location     Type
                  1    wreg      void 
 Registers used:
		wreg, status,2
 Tracked objects:
		On entry : 
		On exit  : 
		Unchanged: 
 Data sizes:     COMRAM   BANK0   BANK1   BANK2   BANK3   BANK4   BANK5   BANK6   BANK7
      Params:         0       0       0       0       0       0       0       0       0
      Locals:         0       0       0       0       0       0       0       0       0
      Temps:          0       0       0       0       0       0       0       0       0
      Totals:         0       0       0       0       0       0       0       0       0
Total ram usage:        0 bytes
 Hardware stack levels used:    1
 This function calls:
		Nothing
 This function is called by:
		_main
 This function uses a non-reentrant model


 *************** function _initANA *****************
 Defined at:
		line 60 in file "CHRP3.c"
 Parameters:    Size  Location     Type
		None
 Auto vars:     Size  Location     Type
		None
 Return value:  Size  Location     Type
                  1    wreg      void 
 Registers used:
		wreg, status,2
 Tracked objects:
		On entry : 
		On exit  : 
		Unchanged: 
 Data sizes:     COMRAM   BANK0   BANK1   BANK2   BANK3   BANK4   BANK5   BANK6   BANK7
      Params:         0       0       0       0       0       0       0       0       0
      Locals:         0       0       0       0       0       0       0       0       0
      Temps:          0       0       0       0       0       0       0       0       0
      Totals:         0       0       0       0       0       0       0       0       0
Total ram usage:        0 bytes
 Hardware stack levels used:    1
 This function calls:
		Nothing
 This function is called by:
		_main
 This function uses a non-reentrant model


 *************** function _delay *****************
 Defined at:
		line 168 in file "Hand.c"
 Parameters:    Size  Location     Type
		None
 Auto vars:     Size  Location     Type
  i               2   12[COMRAM] int 
 Return value:  Size  Location     Type
                  1    wreg      void 
 Registers used:
		wreg, status,2, status,0, cstack
 Tracked objects:
		On entry : 
		On exit  : 
		Unchanged: 
 Data sizes:     COMRAM   BANK0   BANK1   BANK2   BANK3   BANK4   BANK5   BANK6   BANK7
      Params:         0       0       0       0       0       0       0       0       0
      Locals:         2       0       0       0       0       0       0       0       0
      Temps:          4       0       0       0       0       0       0       0       0
      Totals:         6       0       0       0       0       0       0       0       0
Total ram usage:        6 bytes
 Hardware stack levels used:    1
 Hardware stack levels required when called:    1
 This function calls:
		___awdiv
 This function is called by:
		_main
 This function uses a non-reentrant model


 *************** function ___awdiv *****************
 Defined at:
		line 8 in file "C:\Program Files\Microchip\xc8\v1.42\sources\common\awdiv.c"
 Parameters:    Size  Location     Type
  dividend        2    0[COMRAM] int 
  divisor         2    2[COMRAM] int 
 Auto vars:     Size  Location     Type
  quotient        2    6[COMRAM] int 
  sign            1    5[COMRAM] unsigned char 
  counter         1    4[COMRAM] unsigned char 
 Return value:  Size  Location     Type
                  2    0[COMRAM] int 
 Registers used:
		wreg, status,2, status,0
 Tracked objects:
		On entry : 
		On exit  : 
		Unchanged: 
 Data sizes:     COMRAM   BANK0   BANK1   BANK2   BANK3   BANK4   BANK5   BANK6   BANK7
      Params:         4       0       0       0       0       0       0       0       0
      Locals:         4       0       0       0       0       0       0       0       0
      Temps:          0       0       0       0       0       0       0       0       0
      Totals:         8       0       0       0       0       0       0       0       0
Total ram usage:        8 bytes
 Hardware stack levels used:    1
 This function calls:
		Nothing
 This function is called by:
		_delay
 This function uses a non-reentrant model


 *************** function _convertSensors *****************
 Defined at:
		line 57 in file "Hand.c"
 Parameters:    Size  Location     Type
		None
 Auto vars:     Size  Location     Type
		None
 Return value:  Size  Location     Type
                  1    wreg      void 
 Registers used:
		None
 Tracked objects:
		On entry : 
		On exit  : 
		Unchanged: 
 Data sizes:     COMRAM   BANK0   BANK1   BANK2   BANK3   BANK4   BANK5   BANK6   BANK7
      Params:         0       0       0       0       0       0       0       0       0
      Locals:         0       0       0       0       0       0       0       0       0
      Temps:          0       0       0       0       0       0       0       0       0
      Totals:         0       0       0       0       0       0       0       0       0
Total ram usage:        0 bytes
 Hardware stack levels used:    1
 This function calls:
		Nothing
 This function is called by:
		_main
 This function uses a non-reentrant model


 *************** function _checkMode *****************
 Defined at:
		line 70 in file "Hand.c"
 Parameters:    Size  Location     Type
		None
 Auto vars:     Size  Location     Type
  i               1    5[COMRAM] unsigned char 
  i               1    3[COMRAM] unsigned char 
  i               1    2[COMRAM] unsigned char 
  cTempMode       1    4[COMRAM] unsigned char 
 Return value:  Size  Location     Type
                  1    wreg      unsigned char 
 Registers used:
		wreg, fsr2l, fsr2h, status,2, status,0, prodl, prodh
 Tracked objects:
		On entry : 
		On exit  : 
		Unchanged: 
 Data sizes:     COMRAM   BANK0   BANK1   BANK2   BANK3   BANK4   BANK5   BANK6   BANK7
      Params:         0       0       0       0       0       0       0       0       0
      Locals:         6       0       0       0       0       0       0       0       0
      Temps:          0       0       0       0       0       0       0       0       0
      Totals:         6       0       0       0       0       0       0       0       0
Total ram usage:        6 bytes
 Hardware stack levels used:    1
 This function calls:
		Nothing
 This function is called by:
		_main
 This function uses a non-reentrant model



MODULE INFORMATION

Module		Function		Class		Link	Load	Size
CHRP3.c
		_initOsc       		CODE           	7C72	0000	19
		_initPorts     		CODE           	7CFE	0000	61
		_initANA       		CODE           	7C84	0000	29

CHRP3.c estimated size: 109

Hand.c
		_convertSensors		CODE           	2004	0000	3
		_delay         		CODE           	7D3A	0000	125
		_main          		CODE           	7CC8	0000	55
		_checkMode     		CODE           	7F04	0000	253
		_pulseServos   		CODE           	7E3A	0000	203

Hand.c estimated size: 639

shared
		__initialization		CODE           	7CA0	0000	31

shared estimated size: 31

C:\Program Files\Microchip\xc8\v1.42\sources\common\awdiv.c
		___awdiv       		CODE           	7DB6	0000	133

C:\Program Files\Microchip\xc8\v1.42\sources\common\awdiv.c estimated size: 133

